yarn run v1.22.22
$ next dev
  ▲ Next.js 14.2.28
  - Local:        http://localhost:3000
  - Environments: .env
  - Experiments (use with caution):
    · outputFileTracingRoot

 ✓ Starting...
 ✓ Ready in 1738ms
 ✓ Compiled /middleware in 313ms (169 modules)
 ○ Compiling / ...
 ✓ Compiled / in 2s (670 modules)
 GET / 200 in 2036ms
 GET / 200 in 2437ms
 ✓ Compiled in 466ms (341 modules)
 GET / 200 in 32ms
 ✓ Compiled /api/auth/me in 326ms (448 modules)
 GET /api/auth/me 401 in 477ms
 GET /api/auth/me 401 in 17ms
 GET / 200 in 67ms
 GET / 200 in 25ms
 GET / 200 in 25ms
 GET /api/auth/me 401 in 21ms
 GET /api/auth/me 401 in 17ms
 ○ Compiling /register ...
 ✓ Compiled /register in 683ms (853 modules)
 ✓ Compiled /api/auth/register in 159ms (487 modules)
 POST /api/auth/register 200 in 633ms
 ✓ Compiled /login in 321ms (861 modules)
 ✓ Compiled /api/auth/login in 181ms (494 modules)
 POST /api/auth/login 200 in 555ms
 POST /api/auth/login 200 in 333ms
[?25h
