yarn install v1.22.22
[1/4] Resolving packages...
success Already up-to-date.
Done in 0.34s.
Environment variables loaded from .env
Prisma schema loaded from prisma/schema.prisma

✔ Generated Prisma Client (v6.7.0) to ./../node_modules/.prisma/client in 104ms

Start by importing your Prisma Client (See: https://pris.ly/d/importing-client)

Tip: Want to react to database changes in your app as they happen? Discover how with Pulse: https://pris.ly/tip-1-pulse

yarn run v1.22.22
$ next dev
  ▲ Next.js 14.2.28
  - Local:        http://localhost:3000
  - Environments: .env
  - Experiments (use with caution):
    · outputFileTracingRoot

 ✓ Starting...
 ✓ Ready in 1676ms
 ✓ Compiled /middleware in 330ms (169 modules)
 ○ Compiling / ...
 ✓ Compiled / in 1848ms (546 modules)
 GET / 200 in 2244ms
 ✓ Compiled in 427ms (279 modules)
 GET / 200 in 36ms
 GET / 200 in 45ms
 GET / 200 in 35ms
 ✓ Compiled /api/auth/me in 319ms (386 modules)
 GET /api/auth/me 401 in 484ms
 GET /api/auth/me 401 in 19ms
 ○ Compiling /login ...
 ✓ Compiled /login in 782ms (715 modules)
 GET / 200 in 75ms
 GET /api/auth/me 401 in 30ms
 GET /api/auth/me 401 in 20ms
 ○ Compiling /register ...
 ✓ Compiled /register in 928ms (839 modules)
 GET / 200 in 51ms
 GET /api/auth/me 401 in 25ms
 GET /api/auth/me 401 in 18ms
 GET / 200 in 40ms
 GET /api/auth/me 401 in 23ms
 GET /api/auth/me 401 in 22ms
 ✓ Compiled in 592ms (732 modules)
[?25h
