yarn run v1.22.22
$ next dev
  ▲ Next.js 14.2.28
  - Local:        http://localhost:3000
  - Environments: .env
  - Experiments (use with caution):
    · outputFileTracingRoot

 ✓ Starting...
 ✓ Ready in 1600ms
 ✓ Compiled /middleware in 214ms (169 modules)
 ○ Compiling / ...
 ✓ Compiled / in 1894ms (670 modules)
 GET / 200 in 2288ms
 GET / 200 in 2290ms
 ✓ Compiled in 471ms (341 modules)
 GET / 200 in 32ms
 ✓ Compiled /api/auth/me in 312ms (448 modules)
 GET /api/auth/me 401 in 452ms
 GET /api/auth/me 401 in 17ms
 GET / 200 in 69ms
 GET / 200 in 27ms
 GET / 200 in 26ms
 GET /api/auth/me 401 in 19ms
 GET /api/auth/me 401 in 17ms
[?25h
