yarn run v1.22.22
$ next build
Attention: Next.js now collects completely anonymous telemetry regarding usage.
This information is used to shape Next.js' roadmap and prioritize features.
You can learn more, including how to opt-out if you'd not like to participate in this anonymous program, by visiting the following URL:
https://nextjs.org/telemetry

  ▲ Next.js 14.2.28
  - Experiments (use with caution):
    · outputFileTracingRoot

   Creating an optimized production build ...
 ✓ Compiled successfully
   Skipping linting
   Checking validity of types ...
   Collecting page data ...
   Generating static pages (0/17) ...
   Generating static pages (4/17) 
   Generating static pages (8/17) 
   Generating static pages (12/17) 
 ✓ Generating static pages (17/17)
   Finalizing page optimization ...
   Collecting build traces ...

Route (app)                              Size     First Load JS
┌ ○ /                                    4.25 kB         127 kB
├ ○ /_not-found                          873 B            88 kB
├ ƒ /api/auth/login                      0 B                0 B
├ ƒ /api/auth/logout                     0 B                0 B
├ ƒ /api/auth/me                         0 B                0 B
├ ƒ /api/auth/register                   0 B                0 B
├ ƒ /api/cases                           0 B                0 B
├ ƒ /api/cases/my-cases                  0 B                0 B
├ ƒ /api/commercial/metrics              0 B                0 B
├ ƒ /api/knowledge-base/articles         0 B                0 B
├ ƒ /api/knowledge-base/articles/[id]    0 B                0 B
├ ƒ /api/knowledge-base/categories       0 B                0 B
├ ƒ /api/knowledge-base/tags             0 B                0 B
├ ƒ /api/merchant/metrics                0 B                0 B
├ ƒ /api/notifications                   0 B                0 B
├ ƒ /api/sla/metrics                     0 B                0 B
├ ƒ /api/sla/rules                       0 B                0 B
├ ƒ /api/tickets                         0 B                0 B
├ ƒ /api/tickets/[id]                    0 B                0 B
├ ƒ /api/tickets/[id]/messages           0 B                0 B
├ ƒ /api/tickets/categories              0 B                0 B
├ ƒ /api/tickets/tags                    0 B                0 B
├ ƒ /api/tickets/templates               0 B                0 B
├ ƒ /api/users                           0 B                0 B
├ ○ /commercial                          5.83 kB         145 kB
├ ○ /customer                            3.49 kB         143 kB
├ ○ /customer/cases                      4.84 kB         151 kB
├ ○ /customer/cases/new                  4.06 kB         150 kB
├ ○ /get-started                         6.27 kB         129 kB
├ ○ /knowledge-base                      6.37 kB         168 kB
├ ○ /learn-more                          12.4 kB         135 kB
├ ○ /login                               4.48 kB         136 kB
├ ○ /merchant                            4.35 kB         144 kB
├ ○ /register                            5.55 kB         143 kB
├ ○ /sla                                 75.2 kB         233 kB
├ ○ /tickets                             6.09 kB         167 kB
├ ƒ /tickets/[id]                        13.6 kB         175 kB
└ ○ /unauthorized                        1.75 kB        96.9 kB
+ First Load JS shared by all            87.1 kB
  ├ chunks/364-a0d363cb60534e17.js       31.6 kB
  ├ chunks/618f8807-5b09ccff8c9217e8.js  53.6 kB
  └ other shared chunks (total)          1.93 kB


ƒ Middleware                             69 kB

○  (Static)   prerendered as static content
ƒ  (Dynamic)  server-rendered on demand

Done in 35.43s.
