yarn run v1.22.22
$ next dev
  ▲ Next.js 14.2.28
  - Local:        http://localhost:3000
  - Environments: .env
  - Experiments (use with caution):
    · outputFileTracingRoot

 ✓ Starting...
 ✓ Ready in 2s
 ○ Compiling /middleware ...
 ✓ Compiled /middleware in 591ms (169 modules)
 ○ Compiling / ...
 ✓ Compiled / in 2.7s (553 modules)
 GET / 200 in 3091ms
 GET / 200 in 3093ms
 ✓ Compiled in 431ms (279 modules)
 GET / 200 in 55ms
 ✓ Compiled /api/auth/me in 425ms (386 modules)
 GET /api/auth/me 401 in 567ms
 GET /api/auth/me 401 in 17ms
 GET / 200 in 60ms
 GET / 200 in 29ms
 GET / 200 in 28ms
 GET /api/auth/me 401 in 20ms
 GET /api/auth/me 401 in 17ms
 GET / 200 in 33ms
