yarn run v1.22.22
$ next dev
  ▲ Next.js 14.2.28
  - Local:        http://localhost:3000
  - Environments: .env
  - Experiments (use with caution):
    · outputFileTracingRoot

 ✓ Starting...
 ✓ Ready in 1964ms
 ○ Compiling /middleware ...
 ✓ Compiled /middleware in 520ms (169 modules)
 ○ Compiling / ...
 ✓ Compiled / in 3s (677 modules)
 GET / 200 in 3391ms
 ✓ Compiled in 486ms (341 modules)
 ○ Compiling /api/auth/me ...
 ✓ Compiled /api/auth/me in 2.6s (448 modules)
 GET /api/auth/me 401 in 2708ms
 GET /api/auth/me 401 in 17ms
 GET / 200 in 80ms
 GET /api/auth/me 401 in 36ms
 GET /api/auth/me 401 in 28ms
 ✓ Compiled /login in 474ms (839 modules)
 GET /login 200 in 614ms
 GET /login 200 in 38ms
 ✓ Compiled /api/auth/login in 156ms (482 modules)
 POST /api/auth/login 200 in 381ms
 ○ Compiling /_error ...
 GET / 500 in 38ms
 GET /login 500 in 52ms
 GET /login 500 in 59ms
 ✓ Compiled /_not-found in 923ms (1069 modules)
 GET / 200 in 269ms
 GET /login 200 in 287ms
 GET /_next/static/webpack/e910ccec507a0b64.webpack.hot-update.json 404 in 1250ms
 GET /login 200 in 191ms
 ✓ Compiled /api/auth/me in 216ms (524 modules)
 GET /api/auth/me 401 in 283ms
 GET /api/auth/me 401 in 16ms
 GET /login 200 in 62ms
 GET /login 200 in 45ms
 POST /api/auth/login 200 in 131ms
 POST /api/auth/login 200 in 100ms
 POST /api/auth/login 200 in 99ms
 GET /login 200 in 33ms
 POST /api/auth/login 200 in 98ms
 ○ Compiling /customer ...
 ✓ Compiled /customer in 919ms (1100 modules)
 GET /customer 200 in 1032ms
 POST /api/auth/login 200 in 121ms
 ✓ Compiled /merchant in 399ms (1118 modules)
 GET /merchant 200 in 481ms
 POST /api/auth/login 200 in 108ms
 ✓ Compiled /commercial in 384ms (1132 modules)
 GET /commercial 200 in 457ms
 POST /api/auth/login 200 in 109ms
 POST /api/auth/login 200 in 98ms
 HEAD /customer 200 in 32ms
 GET /login 200 in 46ms
 ✓ Compiled in 742ms (1144 modules)
 POST /api/auth/login 200 in 112ms
 GET /customer 200 in 81ms
 POST /api/auth/login 200 in 100ms
 GET /merchant 200 in 35ms
 POST /api/auth/login 200 in 97ms
 GET /commercial 200 in 37ms
 GET /login 200 in 52ms
 GET /login 200 in 39ms
 ✓ Compiled in 129ms (169 modules)
 POST /api/auth/login 200 in 101ms
 POST /api/auth/login 200 in 96ms
 POST /api/auth/login 200 in 98ms
 POST /api/auth/login 200 in 97ms
 GET /customer 200 in 29ms
 POST /api/auth/login 200 in 97ms
 GET /merchant 200 in 25ms
 POST /api/auth/login 200 in 97ms
 GET /commercial 200 in 27ms
 POST /api/auth/login 200 in 97ms
 GET /customer 200 in 32ms
 POST /api/auth/login 200 in 97ms
 GET /merchant 200 in 30ms
 POST /api/auth/login 200 in 97ms
 GET /commercial 200 in 28ms
[?25h
