yarn run v1.22.22
$ next dev
  ▲ Next.js 14.2.28
  - Local:        http://localhost:3000
  - Environments: .env
  - Experiments (use with caution):
    · outputFileTracingRoot

 ✓ Starting...
 ✓ Ready in 1609ms
 ✓ Compiled /middleware in 237ms (169 modules)
 ○ Compiling / ...
 ✓ Compiled / in 1579ms (546 modules)
 GET / 200 in 1496ms
 GET / 200 in 1932ms
 ✓ Compiled in 409ms (279 modules)
 GET / 200 in 31ms
 ✓ Compiled /api/auth/me in 269ms (386 modules)
 GET /api/auth/me 401 in 409ms
 GET /api/auth/me 401 in 19ms
 GET / 200 in 65ms
 GET / 200 in 69ms
 GET / 200 in 26ms
 GET /api/auth/me 401 in 19ms
 GET /api/auth/me 401 in 18ms
 GET / 200 in 32ms
 GET /api/auth/me 401 in 17ms
 GET /api/auth/me 401 in 20ms
 ○ Compiling /register ...
 ✓ Compiled /register in 577ms (831 modules)
 ✓ Compiled /api/auth/register in 211ms (478 modules)
 POST /api/auth/register 500 in 366ms
 POST /api/auth/register 500 in 22ms
 ✓ Compiled /login in 379ms (839 modules)
 POST /api/auth/register 500 in 43ms
 GET / 200 in 82ms
 ✓ Compiled /api/auth/me in 169ms (483 modules)
 GET /api/auth/me 401 in 208ms
 GET /api/auth/me 401 in 19ms
 ✓ Compiled in 397ms (370 modules)
 ✓ Compiled in 303ms (370 modules)
 ✓ Compiled in 299ms (370 modules)
 ✓ Compiled in 769ms (732 modules)
 ✓ Compiled in 448ms (732 modules)
 ✓ Compiled in 851ms (754 modules)
 ✓ Compiled in 521ms (754 modules)
 ✓ Compiled in 506ms (754 modules)
 ✓ Compiled in 496ms (754 modules)
 ✓ Compiled in 529ms (742 modules)
 ✓ Compiled in 623ms (754 modules)
 ✓ Compiled in 536ms (742 modules)
 ✓ Compiled in 303ms (381 modules)
 ✓ Compiled in 256ms (381 modules)
 ✓ Compiled in 268ms (381 modules)
 ✓ Compiled in 329ms (381 modules)
 ✓ Compiled in 299ms (381 modules)
[?25h
