yarn run v1.22.22
$ next dev
  ▲ Next.js 14.2.28
  - Local:        http://localhost:3000
  - Environments: .env
  - Experiments (use with caution):
    · outputFileTracingRoot

 ✓ Starting...
 ✓ Ready in 1604ms
 ✓ Compiled /middleware in 259ms (169 modules)
 ○ Compiling / ...
 ✓ Compiled / in 2s (670 modules)
 GET / 200 in 2430ms
 ✓ Compiled in 481ms (341 modules)
 ✓ Compiled /api/auth/me in 336ms (448 modules)
 GET /api/auth/me 401 in 485ms
 GET /api/auth/me 401 in 18ms
 GET / 200 in 94ms
 GET /api/auth/me 401 in 20ms
 GET /api/auth/me 401 in 19ms
 ✓ Compiled /login in 455ms (839 modules)
 GET /login 200 in 599ms
 ✓ Compiled /register in 338ms (861 modules)
 GET /register 200 in 428ms
 ✓ Compiled /api/auth/register in 161ms (494 modules)
 POST /api/auth/register 200 in 631ms
 ✓ Compiled /api/auth/login in 204ms (496 modules)
 POST /api/auth/login 200 in 575ms
 GET /api/auth/me 200 in 22ms
 ✓ Compiled in 118ms (169 modules)
Token verification failed for path: /customer token: eyJhbGciOiJIUzI1NiIs...
No token found for path: /customer
info Visit https://yarnpkg.com/en/docs/cli/run for documentation about this command.
[?25h
