yarn run v1.22.22
$ next dev
  ▲ Next.js 14.2.28
  - Local:        http://localhost:3000
  - Environments: .env
  - Experiments (use with caution):
    · outputFileTracingRoot

 ✓ Starting...
 ✓ Ready in 1595ms
 ✓ Compiled /middleware in 228ms (169 modules)
 ○ Compiling / ...
 ✓ Compiled / in 1759ms (546 modules)
 GET / 200 in 2155ms
 ✓ Compiled in 431ms (279 modules)
 GET / 200 in 40ms
 ✓ Compiled /login in 407ms (596 modules)
 GET /login 200 in 542ms
 ✓ Compiled /register in 341ms (720 modules)
 GET /register 200 in 441ms
 GET / 200 in 38ms
 ✓ Compiled /api/auth/me in 385ms (481 modules)
 GET /api/auth/me 401 in 530ms
 GET /api/auth/me 401 in 20ms
[?25h
