yarn run v1.22.22
$ next dev
  ▲ Next.js 14.2.28
  - Local:        http://localhost:3000
  - Environments: .env
  - Experiments (use with caution):
    · outputFileTracingRoot

 ✓ Starting...
 ✓ Ready in 1756ms
 ✓ Compiled /middleware in 215ms (169 modules)
 ○ Compiling / ...
 ✓ Compiled / in 2.1s (670 modules)
 GET / 200 in 2498ms
 ✓ Compiled in 518ms (341 modules)
 ✓ Compiled /api/auth/me in 318ms (448 modules)
 GET /api/auth/me 401 in 452ms
 GET /api/auth/me 401 in 17ms
 GET / 200 in 61ms
 ✓ Compiled /login in 445ms (839 modules)
 GET /login 200 in 584ms
 ✓ Compiled /register in 363ms (861 modules)
 GET /register 200 in 450ms
 GET / 200 in 43ms
 GET /api/auth/me 401 in 39ms
 GET /api/auth/me 401 in 17ms
 ✓ Compiled in 684ms (873 modules)
 ✓ Compiled in 601ms (873 modules)
 GET /api/auth/me 401 in 35ms
[?25h
