yarn install v1.22.22
[1/4] Resolving packages...
success Already up-to-date.
Done in 0.34s.
Environment variables loaded from .env
Prisma schema loaded from prisma/schema.prisma

✔ Generated Prisma Client (v6.7.0) to ./../node_modules/.prisma/client in 197ms

Start by importing your Prisma Client (See: https://pris.ly/d/importing-client)

Tip: Need your database queries to be 1000x faster? Accelerate offers you that and more: https://pris.ly/tip-2-accelerate

yarn run v1.22.22
$ next dev
  ▲ Next.js 14.2.28
  - Local:        http://localhost:3000
  - Environments: .env
  - Experiments (use with caution):
    · outputFileTracingRoot

 ✓ Starting...
 ✓ Ready in 1478ms
 ✓ Compiled /middleware in 378ms (169 modules)
 ○ Compiling / ...
 ✓ Compiled / in 1944ms (670 modules)
 GET / 200 in 2365ms
 ✓ Compiled in 480ms (341 modules)
 GET / 200 in 47ms
 GET / 200 in 38ms
 GET / 200 in 70ms
 ✓ Compiled /api/auth/me in 320ms (448 modules)
 GET /api/auth/me 401 in 479ms
 GET /api/auth/me 401 in 24ms
 ○ Compiling /register ...
 ✓ Compiled /register in 580ms (734 modules)
 ✓ Compiled /login in 453ms (742 modules)
 ✓ Compiled /api/auth/login in 197ms (492 modules)
 POST /api/auth/login 200 in 727ms
 GET / 200 in 107ms
 ✓ Compiled /api/auth/me in 213ms (494 modules)
 GET /api/auth/me 401 in 262ms
 GET /api/auth/me 401 in 31ms
 ○ Compiling /get-started ...
 ✓ Compiled /get-started in 526ms (889 modules)
 ○ Compiling /learn-more ...
 ✓ Compiled /learn-more in 632ms (944 modules)
 GET / 200 in 106ms
 GET / 200 in 35ms
 GET /api/auth/me 401 in 53ms
 GET /api/auth/me 401 in 26ms
 POST /api/auth/login 200 in 402ms
 GET / 200 in 41ms
 GET / 200 in 41ms
 GET / 200 in 33ms
 GET / 200 in 35ms
 GET /api/auth/me 401 in 29ms
 GET /api/auth/me 401 in 23ms
 GET / 200 in 43ms
 GET / 200 in 35ms
 GET / 200 in 36ms
 GET /api/auth/me 401 in 27ms
 GET /api/auth/me 401 in 24ms
 GET / 200 in 55ms
 GET / 200 in 51ms
 GET / 200 in 39ms
 GET /api/auth/me 401 in 28ms
 GET /api/auth/me 401 in 25ms
