yarn run v1.22.22
$ next dev
  ▲ Next.js 14.2.28
  - Local:        http://localhost:3000
  - Environments: .env
  - Experiments (use with caution):
    · outputFileTracingRoot

 ✓ Starting...
Attention: Next.js now collects completely anonymous telemetry regarding usage.
This information is used to shape Next.js' roadmap and prioritize features.
You can learn more, including how to opt-out if you'd not like to participate in this anonymous program, by visiting the following URL:
https://nextjs.org/telemetry

 ✓ Ready in 1332ms
 ○ Compiling /middleware ...
 ✓ Compiled /middleware in 586ms (169 modules)
 ○ Compiling / ...
 ✓ Compiled / in 2.8s (553 modules)
 GET / 200 in 3121ms
 ✓ Compiled in 409ms (279 modules)
 GET / 200 in 63ms
 ✓ Compiled /api/auth/me in 495ms (386 modules)
 GET /api/auth/me 401 in 649ms
 GET /api/auth/me 401 in 21ms
 GET /api/auth/me 401 in 19ms
 ✓ Compiled /api/auth/register in 124ms (388 modules)
 POST /api/auth/register 200 in 587ms
 POST /api/auth/register 200 in 389ms
 POST /api/auth/register 200 in 390ms
 ✓ Compiled /api/auth/login in 142ms (390 modules)
 POST /api/auth/login 200 in 532ms
 ✓ Compiled /api/cases in 134ms (392 modules)
 POST /api/cases 201 in 245ms
 POST /api/cases 201 in 77ms
 GET / 200 in 66ms
 ✓ Compiled in 329ms (828 modules)
[?25h
