yarn run v1.22.22
$ next dev
  ▲ Next.js 14.2.28
  - Local:        http://localhost:3000
  - Environments: .env
  - Experiments (use with caution):
    · outputFileTracingRoot

 ✓ Starting...
 ✓ Ready in 1679ms
 ✓ Compiled /middleware in 287ms (169 modules)
 ○ Compiling / ...
 ✓ Compiled / in 2.1s (670 modules)
 GET / 200 in 2509ms
 ✓ Compiled in 495ms (341 modules)
 GET / 200 in 62ms
 ✓ Compiled /api/auth/me in 449ms (448 modules)
 GET /api/auth/me 401 in 657ms
 GET /api/auth/me 401 in 33ms
 ○ Compiling /get-started ...
 ✓ Compiled /get-started in 670ms (803 modules)
 GET /get-started 200 in 792ms
 ○ Compiling /learn-more ...
 ✓ Compiled /learn-more in 761ms (860 modules)
 GET /learn-more 200 in 918ms
 GET / 200 in 36ms
 GET /get-started 200 in 42ms
 GET /learn-more 200 in 46ms
 GET / 200 in 31ms
 GET /api/auth/me 401 in 52ms
 GET /api/auth/me 401 in 19ms
[?25h
