yarn run v1.22.22
$ next dev
  ▲ Next.js 14.2.28
  - Local:        http://localhost:3000
  - Environments: .env
  - Experiments (use with caution):
    · outputFileTracingRoot

 ✓ Starting...
 ✓ Ready in 1795ms
 ✓ Compiled /middleware in 236ms (169 modules)
 ○ Compiling / ...
 ✓ Compiled / in 2.8s (670 modules)
 GET / 200 in 2757ms
 GET / 200 in 3134ms
 ✓ Compiled in 454ms (341 modules)
 GET / 200 in 36ms
 ✓ Compiled /api/auth/me in 463ms (448 modules)
 GET /api/auth/me 401 in 604ms
 GET /api/auth/me 401 in 18ms
 GET / 200 in 78ms
 GET / 200 in 24ms
 GET / 200 in 24ms
 GET /api/auth/me 401 in 18ms
 GET /api/auth/me 401 in 16ms
 ○ Compiling /register ...
 ✓ Compiled /register in 838ms (734 modules)
 ✓ Compiled /login in 427ms (742 modules)
 ✓ Compiled /api/auth/login in 189ms (492 modules)
 POST /api/auth/login 200 in 697ms
 POST /api/auth/login 200 in 332ms
 GET / 200 in 83ms
 ✓ Compiled /api/auth/me in 116ms (494 modules)
 GET /api/auth/me 401 in 157ms
 GET /api/auth/me 401 in 19ms
 GET / 200 in 83ms
 GET /api/auth/me 401 in 22ms
 GET /api/auth/me 401 in 16ms
 POST /api/auth/login 200 in 359ms
 GET / 200 in 30ms
 GET /api/auth/me 401 in 18ms
 GET /api/auth/me 401 in 20ms
 GET / 200 in 29ms
 GET / 200 in 29ms
 GET / 200 in 28ms
 GET /api/auth/me 401 in 19ms
 GET /api/auth/me 401 in 18ms
 ✓ Compiled in 1007ms (923 modules)
 ✓ Compiled in 99ms (169 modules)
 ✓ Compiled in 681ms (754 modules)
 ✓ Compiled in 449ms (754 modules)
[?25h
